2026-08-10 15:47:16,144 - INFO - ============================================================
2026-08-10 15:47:16,144 - INFO - STEG OFFICIAL ELECTRICITY OUTAGE DATA SCRAPER
2026-08-10 15:47:16,144 - INFO - ============================================================
2026-08-10 15:47:16,144 - INFO - Starting article discovery...
2026-08-10 15:47:17,073 - INFO - Detected max_page = 13
2026-08-10 15:47:17,073 - INFO - Scanning page 0...
2026-08-10 15:47:19,589 - INFO - Page 0: found 10 articles
2026-08-10 15:47:21,162 - INFO - Scanning page 1...
2026-08-10 15:47:21,683 - INFO - Page 1: found 10 articles
2026-08-10 15:47:23,579 - INFO - Scanning page 2...
2026-08-10 15:47:24,144 - INFO - Page 2: found 10 articles
2026-08-10 15:47:25,466 - INFO - Scanning page 3...
2026-08-10 15:47:30,081 - INFO - Page 3: found 10 articles
2026-08-10 15:47:31,938 - INFO - Scanning page 4...
2026-08-10 15:47:32,425 - INFO - Page 4: found 10 articles
2026-08-10 15:47:33,601 - INFO - Scanning page 5...
2026-08-10 15:47:35,189 - INFO - Page 5: found 10 articles
2026-08-10 15:47:36,513 - INFO - Scanning page 6...
2026-08-10 15:47:38,811 - INFO - Page 6: found 10 articles
2026-08-10 15:47:39,826 - INFO - Scanning page 7...
2026-08-10 15:47:40,486 - INFO - Page 7: found 10 articles
2026-08-10 15:47:41,615 - INFO - Scanning page 8...
2026-08-10 15:47:42,073 - INFO - Page 8: found 10 articles
2026-08-10 15:47:43,118 - INFO - Scanning page 9...
2026-08-10 15:47:43,631 - INFO - Page 9: found 10 articles
2026-08-10 15:47:45,097 - INFO - Scanning page 10...
2026-08-10 15:47:49,737 - INFO - Page 10: found 10 articles
2026-08-10 15:47:51,165 - INFO - Scanning page 11...
2026-08-10 15:47:53,319 - INFO - Page 11: found 10 articles
2026-08-10 15:47:55,259 - INFO - Scanning page 12...
2026-08-10 15:47:55,782 - INFO - Page 12: all articles older than 2026-07-01, stopping
2026-08-10 15:47:55,782 - INFO - Discovered 120 article links
2026-08-10 15:47:55,782 - INFO - [1/120] Processing: Lire la suite...
2026-08-10 15:47:57,522 - INFO -   Extracted: date=2026-08-06, region=جهة تونس الكبرى
2026-08-10 15:48:00,339 - INFO - [2/120] Processing: Lire la suite...
2026-08-10 15:48:04,553 - INFO -   Extracted: date=2026-08-06, region=جهة الشمال
2026-08-10 15:48:06,671 - INFO - [3/120] Processing: Lire la suite...
2026-08-10 15:48:10,033 - INFO -   Extracted: date=2026-08-06, region=جهة الشمال
2026-08-10 15:48:12,868 - INFO - [4/120] Processing: Lire la suite...
2026-08-10 15:48:14,729 - INFO -   Extracted: date=2026-08-06, region=جهة الوسط
2026-08-10 15:48:16,372 - INFO - [5/120] Processing: Lire la suite...
2026-08-10 15:48:19,026 - INFO -   Extracted: date=2026-08-06, region=None
2026-08-10 15:48:21,646 - INFO - [6/120] Processing: Lire la suite...
2026-08-10 15:48:22,628 - INFO -   Extracted: date=2026-08-06, region=جهة الجنوب
2026-08-10 15:48:24,771 - INFO - [7/120] Processing: Lire la suite...
2026-08-10 15:48:25,887 - INFO -   Extracted: date=2026-08-06, region=جهة الجنوب
2026-08-10 15:48:28,386 - INFO - [8/120] Processing: Lire la suite...
2026-08-10 15:48:31,555 - INFO -   Extracted: date=2026-08-05, region=جهة تونس الكبرى
2026-08-10 15:48:34,166 - INFO - [9/120] Processing: Lire la suite...
2026-08-10 15:48:36,807 - INFO -   Extracted: date=2026-08-05, region=جهة الشمال
2026-08-10 15:48:39,283 - INFO - [10/120] Processing: Lire la suite...
2026-08-10 15:48:41,032 - INFO -   Extracted: date=2026-08-05, region=جهة الشمال
2026-08-10 15:48:42,740 - INFO - [11/120] Processing: Lire la suite...
2026-08-10 15:48:45,171 - INFO -   Extracted: date=2026-08-05, region=جهة الوسط
2026-08-10 15:48:48,112 - INFO - [12/120] Processing: Lire la suite...
2026-08-10 15:48:48,618 - INFO -   Extracted: date=2026-08-05, region=None
2026-08-10 15:48:50,533 - INFO - [13/120] Processing: Lire la suite...
2026-08-10 15:48:52,209 - INFO -   Extracted: date=2026-08-05, region=جهة الجنوب
2026-08-10 15:48:54,324 - INFO - [14/120] Processing: Lire la suite...
2026-08-10 15:48:56,401 - INFO -   Extracted: date=2026-08-05, region=جهة الجنوب
2026-08-10 15:48:58,815 - INFO - [15/120] Processing: Lire la suite...
2026-08-10 15:49:02,443 - INFO -   Extracted: date=2026-08-04, region=جهة تونس الكبرى
2026-08-10 15:49:04,111 - INFO - [16/120] Processing: Lire la suite...
2026-08-10 15:49:07,772 - INFO -   Extracted: date=2026-08-04, region=جهة تونس الكبرى
2026-08-10 15:49:10,482 - INFO - [17/120] Processing: Lire la suite...
2026-08-10 15:49:12,112 - INFO -   Extracted: date=2026-08-04, region=جهة الشمال
2026-08-10 15:49:14,068 - INFO - [18/120] Processing: Lire la suite...
2026-08-10 15:49:14,527 - INFO -   Extracted: date=2026-08-04, region=جهة الشمال
2026-08-10 15:49:17,363 - INFO - [19/120] Processing: Lire la suite...
2026-08-10 15:49:18,625 - INFO -   Extracted: date=2026-08-04, region=جهة الوسط
2026-08-10 15:49:20,793 - INFO - [20/120] Processing: Lire la suite...
2026-08-10 15:49:24,174 - INFO -   Extracted: date=2026-08-04, region=None
2026-08-10 15:49:27,114 - INFO - [21/120] Processing: Lire la suite...
2026-08-10 15:49:29,587 - INFO -   Extracted: date=2026-08-04, region=جهة الجنوب
2026-08-10 15:49:31,155 - INFO - [22/120] Processing: Lire la suite...
2026-08-10 15:49:32,661 - INFO -   Extracted: date=2026-08-04, region=جهة الجنوب
2026-08-10 15:49:35,541 - INFO - [23/120] Processing: Lire la suite...
2026-08-10 15:49:37,153 - INFO -   Extracted: date=2026-08-03, region=جهة تونس الكبرى
2026-08-10 15:49:39,426 - INFO - [24/120] Processing: Lire la suite...
2026-08-10 15:49:42,889 - INFO -   Extracted: date=2026-08-03, region=جهة الشمال
2026-08-10 15:49:45,445 - INFO - [25/120] Processing: Lire la suite...
2026-08-10 15:49:47,088 - INFO -   Extracted: date=2026-08-03, region=جهة الشمال
2026-08-10 15:49:49,806 - INFO - [26/120] Processing: Lire la suite...
2026-08-10 15:49:51,503 - INFO -   Extracted: date=2026-08-03, region=جهة الوسط
2026-08-10 15:49:54,192 - INFO - [27/120] Processing: Lire la suite...
2026-08-10 15:49:56,437 - INFO -   Extracted: date=2026-08-03, region=None
2026-08-10 15:49:59,407 - INFO - [28/120] Processing: Lire la suite...
2026-08-10 15:50:00,423 - INFO -   Extracted: date=2026-08-03, region=جهة الجنوب
2026-08-10 15:50:02,896 - INFO - [29/120] Processing: Lire la suite...
2026-08-10 15:50:03,475 - INFO -   Extracted: date=2026-08-03, region=جهة الجنوب
2026-08-10 15:50:05,312 - INFO - [30/120] Processing: Lire la suite...
2026-08-10 15:50:06,036 - INFO -   Extracted: date=2026-07-27, region=جهة تونس الكبرى
2026-08-10 15:50:08,697 - INFO - [31/120] Processing: Lire la suite...
2026-08-10 15:50:09,713 - INFO -   Extracted: date=2026-07-27, region=جهة الشمال
2026-08-10 15:50:12,688 - INFO - [32/120] Processing: Lire la suite...
2026-08-10 15:50:14,227 - INFO -   Extracted: date=2026-07-27, region=جهة الشمال
2026-08-10 15:50:15,798 - INFO - [33/120] Processing: Lire la suite...
2026-08-10 15:50:17,401 - INFO -   Extracted: date=2026-07-27, region=جهة الوسط
2026-08-10 15:50:19,733 - INFO - [34/120] Processing: Lire la suite...
2026-08-10 15:50:21,393 - INFO -   Extracted: date=2026-07-27, region=ولاية صفاقس
2026-08-10 15:50:23,381 - INFO - [35/120] Processing: Lire la suite...
2026-08-10 15:50:26,170 - INFO -   Extracted: date=2026-07-27, region=جهة الجنوب
2026-08-10 15:50:28,185 - INFO - [36/120] Processing: Lire la suite...
2026-08-10 15:50:30,410 - INFO -   Extracted: date=2026-07-27, region=جهة الجنوب
2026-08-10 15:50:33,253 - INFO - [37/120] Processing: Lire la suite...
2026-08-10 15:50:35,515 - INFO -   Extracted: date=2026-07-24, region=جهة تونس الكبرى
2026-08-10 15:50:38,084 - INFO - [38/120] Processing: Lire la suite...
2026-08-10 15:50:38,885 - INFO -   Extracted: date=2026-07-24, region=جهة الشمال
2026-08-10 15:50:40,471 - INFO - [39/120] Processing: Lire la suite...
2026-08-10 15:50:41,492 - INFO -   Extracted: date=2026-07-24, region=جهة الشمال
2026-08-10 15:50:44,085 - INFO - [40/120] Processing: Lire la suite...
2026-08-10 15:50:45,159 - INFO -   Extracted: date=2026-07-24, region=جهة الوسط
2026-08-10 15:50:47,003 - INFO - [41/120] Processing: Lire la suite...
2026-08-10 15:50:47,612 - INFO -   Extracted: date=2026-07-24, region=ولاية صفاقس
2026-08-10 15:50:50,251 - INFO - [42/120] Processing: Lire la suite...
2026-08-10 15:50:51,710 - INFO -   Extracted: date=2026-07-24, region=جهة الجنوب
2026-08-10 15:50:54,165 - INFO - [43/120] Processing: Lire la suite...
2026-08-10 15:50:54,784 - INFO -   Extracted: date=2026-07-24, region=جهة الجنوب
2026-08-10 15:50:56,776 - INFO - [44/120] Processing: Lire la suite...
2026-08-10 15:50:57,754 - INFO -   Extracted: date=2026-07-24, region=جهة تونس الكبرى
2026-08-10 15:50:59,898 - INFO - [45/120] Processing: Lire la suite...
2026-08-10 15:51:02,091 - INFO -   Extracted: date=2026-07-24, region=جهة الشمال
2026-08-10 15:51:04,441 - INFO - [46/120] Processing: Lire la suite...
2026-08-10 15:51:04,910 - INFO -   Extracted: date=2026-07-24, region=جهة الشمال
2026-08-10 15:51:07,425 - INFO - [47/120] Processing: Lire la suite...
2026-08-10 15:51:08,908 - INFO -   Extracted: date=2026-07-24, region=جهة الوسط
2026-08-10 15:51:11,105 - INFO - [48/120] Processing: Lire la suite...
2026-08-10 15:51:13,517 - INFO -   Extracted: date=2026-07-24, region=ولاية صفاقس
2026-08-10 15:51:15,229 - INFO - [49/120] Processing: Lire la suite...
2026-08-10 15:51:16,106 - INFO -   Extracted: date=2026-07-24, region=جهة الجنوب
2026-08-10 15:51:19,078 - INFO - [50/120] Processing: Lire la suite...
2026-08-10 15:51:21,362 - INFO -   Extracted: date=2026-07-24, region=جهة الجنوب
2026-08-10 15:51:23,283 - INFO - [51/120] Processing: Lire la suite...
2026-08-10 15:51:24,471 - INFO -   Skipped: not an outage announcement
2026-08-10 15:51:24,471 - INFO - [52/120] Processing: Lire la suite...
2026-08-10 15:51:27,404 - INFO -   Extracted: date=2026-07-23, region=جهة تونس الكبرى
2026-08-10 15:51:29,669 - INFO - [53/120] Processing: Lire la suite...
2026-08-10 15:51:30,215 - INFO -   Extracted: date=2026-07-23, region=جهة الشمال
2026-08-10 15:51:32,871 - INFO - [54/120] Processing: Lire la suite...
2026-08-10 15:51:34,514 - INFO -   Extracted: date=2026-07-23, region=جهة الشمال
2026-08-10 15:51:36,291 - INFO - [55/120] Processing: Lire la suite...
2026-08-10 15:51:39,452 - INFO -   Extracted: date=2026-07-23, region=جهة الوسط
2026-08-10 15:51:41,225 - INFO - [56/120] Processing: Lire la suite...
2026-08-10 15:51:42,907 - INFO -   Extracted: date=2026-07-23, region=ولاية صفاقس
2026-08-10 15:51:45,270 - INFO - [57/120] Processing: Lire la suite...
2026-08-10 15:51:47,833 - INFO -   Extracted: date=2026-07-23, region=جهة الجنوب
2026-08-10 15:51:49,454 - INFO - [58/120] Processing: Lire la suite...
2026-08-10 15:51:50,080 - INFO -   Extracted: date=2026-07-23, region=جهة الجنوب
2026-08-10 15:51:52,900 - INFO - [59/120] Processing: Lire la suite...
2026-08-10 15:51:54,990 - INFO -   Extracted: date=2026-07-23, region=جهة تونس الكبرى
2026-08-10 15:51:57,912 - INFO - [60/120] Processing: Lire la suite...
2026-08-10 15:51:58,781 - INFO -   Extracted: date=2026-07-23, region=جهة الشمال
2026-08-10 15:52:00,933 - INFO - [61/120] Processing: Lire la suite...
2026-08-10 15:52:02,800 - INFO -   Extracted: date=2026-07-23, region=جهة الشمال
2026-08-10 15:52:04,353 - INFO - [62/120] Processing: Lire la suite...
2026-08-10 15:52:06,004 - INFO -   Extracted: date=2026-07-23, region=جهة الوسط
2026-08-10 15:52:07,962 - INFO - [63/120] Processing: Lire la suite...
2026-08-10 15:52:09,526 - INFO -   Extracted: date=2026-07-23, region=ولاية صفاقس
2026-08-10 15:52:12,044 - INFO - [64/120] Processing: Lire la suite...
2026-08-10 15:52:14,769 - INFO -   Extracted: date=2026-07-23, region=جهة الجنوب
2026-08-10 15:52:16,700 - INFO - [65/120] Processing: Lire la suite...
2026-08-10 15:52:20,195 - INFO -   Extracted: date=2026-07-23, region=جهة الجنوب
2026-08-10 15:52:21,842 - INFO - [66/120] Processing: Lire la suite...
2026-08-10 15:52:23,479 - INFO -   Extracted: date=2026-07-22, region=جهة تونس الكبرى
2026-08-10 15:52:25,100 - INFO - [67/120] Processing: Lire la suite...
2026-08-10 15:52:25,727 - INFO -   Extracted: date=2026-07-22, region=جهة الشمال
2026-08-10 15:52:28,334 - INFO - [68/120] Processing: Lire la suite...
2026-08-10 15:52:29,001 - INFO -   Extracted: date=2026-07-22, region=جهة الشمال
2026-08-10 15:52:30,941 - INFO - [69/120] Processing: Lire la suite...
2026-08-10 15:52:33,802 - INFO -   Extracted: date=2026-07-22, region=جهة الوسط
2026-08-10 15:52:35,942 - INFO - [70/120] Processing: Lire la suite...
2026-08-10 15:52:38,130 - INFO -   Extracted: date=2026-07-22, region=ولاية صفاقس
2026-08-10 15:52:39,879 - INFO - [71/120] Processing: Lire la suite...
2026-08-10 15:52:42,758 - INFO -   Extracted: date=2026-07-22, region=جهة الجنوب
2026-08-10 15:52:44,738 - INFO - [72/120] Processing: Lire la suite...
2026-08-10 15:52:45,370 - INFO -   Extracted: date=2026-07-22, region=جهة الجنوب
2026-08-10 15:52:47,220 - INFO - [73/120] Processing: Lire la suite...
2026-08-10 15:52:48,647 - INFO -   Extracted: date=2026-07-22, region=جهة تونس الكبرى
2026-08-10 15:52:50,470 - INFO - [74/120] Processing: Lire la suite...
2026-08-10 15:52:52,742 - INFO -   Extracted: date=2026-07-22, region=جهة الشمال
2026-08-10 15:52:55,063 - INFO - [75/120] Processing: Lire la suite...
2026-08-10 15:52:57,342 - INFO -   Extracted: date=2026-07-22, region=جهة الشمال
2026-08-10 15:52:58,900 - INFO - [76/120] Processing: Lire la suite...
2026-08-10 15:52:59,505 - INFO -   Extracted: date=2026-07-22, region=جهة الوسط
2026-08-10 15:53:02,442 - INFO - [77/120] Processing: Lire la suite...
2026-08-10 15:53:04,216 - INFO -   Extracted: date=2026-07-22, region=ولاية صفاقس
2026-08-10 15:53:06,760 - INFO - [78/120] Processing: Lire la suite...
2026-08-10 15:53:08,451 - INFO -   Extracted: date=2026-07-22, region=جهة الجنوب
2026-08-10 15:53:11,170 - INFO - [79/120] Processing: Lire la suite...
2026-08-10 15:53:11,895 - INFO -   Extracted: date=2026-07-22, region=جهة الجنوب
2026-08-10 15:53:14,779 - INFO - [80/120] Processing: Lire la suite...
2026-08-10 15:53:16,372 - INFO -   Extracted: date=2026-07-21, region=جهة تونس الكبرى
2026-08-10 15:53:19,072 - INFO - [81/120] Processing: Lire la suite...
2026-08-10 15:53:21,517 - INFO -   Extracted: date=2026-07-21, region=جهة الشمال
2026-08-10 15:53:23,138 - INFO - [82/120] Processing: Lire la suite...
2026-08-10 15:53:27,263 - INFO -   Extracted: date=2026-07-21, region=جهة الشمال
2026-08-10 15:53:29,140 - INFO - [83/120] Processing: Lire la suite...
2026-08-10 15:53:30,734 - INFO -   Extracted: date=2026-07-21, region=جهة الوسط
2026-08-10 15:53:33,435 - INFO - [84/120] Processing: Lire la suite...
2026-08-10 15:53:34,117 - INFO -   Extracted: date=2026-07-21, region=ولاية صفاقس
2026-08-10 15:53:36,580 - INFO - [85/120] Processing: Lire la suite...
2026-08-10 15:53:39,263 - INFO -   Extracted: date=2026-07-21, region=جهة الجنوب
2026-08-10 15:53:42,107 - INFO - [86/120] Processing: Lire la suite...
2026-08-10 15:53:45,081 - INFO -   Extracted: date=2026-07-21, region=جهة الجنوب
2026-08-10 15:53:46,917 - INFO - [87/120] Processing: Lire la suite...
2026-08-10 15:53:47,526 - INFO -   Extracted: date=2026-07-21, region=جهة الجنوب
2026-08-10 15:53:49,573 - INFO - [88/120] Processing: Lire la suite...
2026-08-10 15:53:52,645 - INFO -   Extracted: date=2026-07-21, region=جهة تونس الكبرى
2026-08-10 15:53:55,393 - INFO - [89/120] Processing: Lire la suite...
2026-08-10 15:53:58,509 - INFO -   Extracted: date=2026-07-21, region=جهة الشمال
2026-08-10 15:54:01,414 - INFO - [90/120] Processing: Lire la suite...
2026-08-10 15:54:02,989 - INFO -   Extracted: date=2026-07-21, region=جهة الشمال
2026-08-10 15:54:04,797 - INFO - [91/120] Processing: Lire la suite...
2026-08-10 15:54:07,812 - INFO -   Extracted: date=2026-07-21, region=جهة الوسط
2026-08-10 15:54:10,470 - INFO - [92/120] Processing: Lire la suite...
2026-08-10 15:54:14,048 - INFO -   Extracted: date=2026-07-21, region=ولاية صفاقس
2026-08-10 15:54:16,540 - INFO - [93/120] Processing: Lire la suite...
2026-08-10 15:54:19,678 - INFO -   Extracted: date=2026-07-21, region=جهة الجنوب
2026-08-10 15:54:22,259 - INFO - [94/120] Processing: Lire la suite...
2026-08-10 15:54:23,060 - INFO -   Extracted: date=2026-07-20, region=جهة تونس الكبرى
2026-08-10 15:54:24,748 - INFO - [95/120] Processing: Lire la suite...
2026-08-10 15:54:27,002 - INFO -   Extracted: date=2026-07-20, region=جهة الشمال
2026-08-10 15:54:29,433 - INFO - [96/120] Processing: Lire la suite...
2026-08-10 15:54:31,349 - INFO -   Extracted: date=2026-07-20, region=ولاية صفاقس
2026-08-10 15:54:33,352 - INFO - [97/120] Processing: Lire la suite...
2026-08-10 15:54:34,343 - INFO -   Extracted: date=2026-07-20, region=جهة الشمال
2026-08-10 15:54:36,076 - INFO - [98/120] Processing: Lire la suite...
2026-08-10 15:54:38,524 - INFO -   Extracted: date=2026-07-20, region=جهة الوسط
2026-08-10 15:54:41,458 - INFO - [99/120] Processing: Lire la suite...
2026-08-10 15:54:45,717 - INFO -   Extracted: date=2026-07-20, region=جهة الجنوب
2026-08-10 15:54:47,539 - INFO - [100/120] Processing: Lire la suite...
2026-08-10 15:54:49,584 - INFO -   Extracted: date=2026-07-20, region=جهة الجنوب
2026-08-10 15:54:51,641 - INFO - [101/120] Processing: Lire la suite...
2026-08-10 15:54:53,070 - INFO -   Extracted: date=2026-07-20, region=جهة تونس الكبرى
2026-08-10 15:54:55,798 - INFO - [102/120] Processing: Lire la suite...
2026-08-10 15:54:56,654 - INFO -   Extracted: date=2026-07-20, region=جهة الشمال
2026-08-10 15:54:59,449 - INFO - [103/120] Processing: Lire la suite...
2026-08-10 15:55:00,249 - INFO -   Extracted: date=2026-07-20, region=جهة الشمال
2026-08-10 15:55:02,521 - INFO - [104/120] Processing: Lire la suite...
2026-08-10 15:55:03,917 - INFO -   Extracted: date=2026-07-20, region=جهة الوسط
2026-08-10 15:55:05,462 - INFO - [105/120] Processing: Lire la suite...
2026-08-10 15:55:09,359 - INFO -   Extracted: date=2026-07-20, region=ولاية صفاقس
2026-08-10 15:55:12,203 - INFO - [106/120] Processing: Lire la suite...
2026-08-10 15:55:13,431 - INFO -   Extracted: date=2026-07-20, region=جهة الجنوب
2026-08-10 15:55:15,802 - INFO - [107/120] Processing: Lire la suite...
2026-08-10 15:55:17,856 - INFO -   Extracted: date=2026-07-20, region=جهة الجنوب
2026-08-10 15:55:19,465 - INFO - [108/120] Processing: Lire la suite...
2026-08-10 15:55:21,415 - INFO -   Extracted: date=2026-07-18, region=جهة الجنوب
2026-08-10 15:55:23,624 - INFO - [109/120] Processing: Lire la suite...
2026-08-10 15:55:24,209 - INFO -   Extracted: date=2026-07-18, region=جهة الجنوب
2026-08-10 15:55:26,692 - INFO - [110/120] Processing: Lire la suite...
2026-08-10 15:55:27,705 - INFO -   Extracted: date=2026-07-18, region=ولاية صفاقس
2026-08-10 15:55:29,638 - INFO - [111/120] Processing: Lire la suite...
2026-08-10 15:55:30,856 - INFO -   Extracted: date=2026-07-18, region=جهة الوسط
2026-08-10 15:55:33,002 - INFO - [112/120] Processing: Lire la suite...
2026-08-10 15:55:33,589 - INFO -   Extracted: date=2026-07-18, region=جهة الشمال
2026-08-10 15:55:35,106 - INFO - [113/120] Processing: Lire la suite...
2026-08-10 15:55:36,985 - INFO -   Extracted: date=2026-07-18, region=جهة الشمال
2026-08-10 15:55:38,498 - INFO - [114/120] Processing: Lire la suite...
2026-08-10 15:55:39,195 - INFO -   Extracted: date=2026-07-18, region=جهة تونس الكبرى
2026-08-10 15:55:41,908 - INFO - [115/120] Processing: Lire la suite...
2026-08-10 15:55:44,163 - INFO -   Skipped: not an outage announcement
2026-08-10 15:55:44,163 - INFO - [116/120] Processing: Lire la suite...
2026-08-10 15:55:45,564 - INFO -   Skipped: not an outage announcement
2026-08-10 15:55:45,564 - INFO - [117/120] Processing: Lire la suite...
2026-08-10 15:55:48,752 - INFO -   Skipped: not an outage announcement
2026-08-10 15:55:48,753 - INFO - [118/120] Processing: Lire la suite...
2026-08-10 15:55:50,296 - INFO -   Skipped: not an outage announcement
2026-08-10 15:55:50,296 - INFO - [119/120] Processing: Lire la suite...
2026-08-10 15:55:52,879 - INFO -   Skipped: not an outage announcement
2026-08-10 15:55:52,879 - INFO - [120/120] Processing: Lire la suite...
2026-08-10 15:55:53,376 - INFO -   Skipped: not an outage announcement
2026-08-10 15:55:53,376 - INFO - Extracted 113 records
2026-08-10 15:55:53,378 - INFO - Removed 38 duplicate(s)
2026-08-10 15:55:53,378 - INFO - Exporting results...
2026-08-10 15:55:53,380 - INFO - Saved JSON: /home/ahmed-bensalah/hackathon_olive/steg-outage-data/data/raw/steg_outages_raw.json
2026-08-10 15:55:53,399 - INFO - Saved CSV: /home/ahmed-bensalah/hackathon_olive/steg-outage-data/data/processed/steg_outages.csv
2026-08-10 15:55:53,439 - INFO - Saved Excel: /home/ahmed-bensalah/hackathon_olive/steg-outage-data/data/processed/steg_outages.xlsx
2026-08-11 14:06:01,894 - INFO - ============================================================
2026-08-11 14:06:01,894 - INFO - STEG OFFICIAL ELECTRICITY OUTAGE DATA SCRAPER
2026-08-11 14:06:01,894 - INFO - ============================================================
2026-08-11 14:06:01,894 - INFO - Starting article discovery...
2026-08-11 14:06:02,754 - INFO - Detected max_page = 13
2026-08-11 14:06:02,754 - INFO - Scanning page 0...
2026-08-11 14:06:04,066 - INFO - Page 0: found 10 articles
2026-08-11 14:06:05,588 - INFO - Scanning page 1...
2026-08-11 14:06:08,707 - INFO - Page 1: found 10 articles
2026-08-11 14:06:09,921 - INFO - Scanning page 2...
2026-08-11 14:06:09,946 - WARNING - Retry 1/3 after 2s: ('Connection aborted.', RemoteDisconnected('Remote end closed connection without response'))
2026-08-11 14:06:12,786 - INFO - Page 2: found 10 articles
2026-08-11 14:06:14,602 - INFO - Scanning page 3...
2026-08-11 14:06:15,254 - INFO - Page 3: found 10 articles
2026-08-11 14:06:16,514 - INFO - Scanning page 4...
2026-08-11 14:06:19,590 - INFO - Page 4: found 10 articles
2026-08-11 14:06:20,650 - INFO - Scanning page 5...
2026-08-11 14:06:23,450 - INFO - Page 5: found 10 articles
2026-08-11 14:06:25,320 - INFO - Scanning page 6...
2026-08-11 14:06:27,895 - INFO - Page 6: found 10 articles
2026-08-11 14:06:28,966 - INFO - Scanning page 7...
2026-08-11 14:06:29,642 - INFO - Page 7: found 10 articles
2026-08-11 14:06:31,023 - INFO - Scanning page 8...
2026-08-11 14:06:32,565 - INFO - Page 8: found 10 articles
2026-08-11 14:06:33,839 - INFO - Scanning page 9...
2026-08-11 14:06:34,494 - INFO - Page 9: found 10 articles
2026-08-11 14:06:35,666 - INFO - Scanning page 10...
2026-08-11 14:06:37,455 - INFO - Page 10: found 10 articles
2026-08-11 14:06:38,829 - INFO - Scanning page 11...
2026-08-11 14:06:39,530 - INFO - Page 11: found 10 articles
2026-08-11 14:06:41,360 - INFO - Scanning page 12...
2026-08-11 14:06:42,211 - WARNING - Retry 1/3 after 2s: ('Connection aborted.', RemoteDisconnected('Remote end closed connection without response'))
2026-08-11 14:06:45,465 - INFO - Page 12: all articles older than 2026-07-01, stopping
2026-08-11 14:06:45,465 - INFO - Discovered 120 article links
2026-08-11 14:06:45,465 - INFO - [1/120] Processing: Lire la suite...
2026-08-11 14:06:46,079 - INFO -   Extracted: date=2026-08-06, region=جهة تونس الكبرى
2026-08-11 14:06:48,465 - INFO - [2/120] Processing: Lire la suite...
2026-08-11 14:06:50,252 - INFO -   Extracted: date=2026-08-06, region=جهة الشمال
2026-08-11 14:06:53,014 - INFO - [3/120] Processing: Lire la suite...
2026-08-11 14:06:53,783 - INFO -   Extracted: date=2026-08-06, region=جهة الشمال
2026-08-11 14:06:55,775 - INFO - [4/120] Processing: Lire la suite...
2026-08-11 14:06:59,099 - INFO -   Extracted: date=2026-08-06, region=جهة الوسط
2026-08-11 14:07:01,050 - INFO - [5/120] Processing: Lire la suite...
2026-08-11 14:07:04,194 - INFO -   Extracted: date=2026-08-06, region=جهة صفاقس
2026-08-11 14:07:06,900 - INFO - [6/120] Processing: Lire la suite...
2026-08-11 14:07:08,519 - INFO -   Extracted: date=2026-08-06, region=جهة الجنوب
2026-08-11 14:07:10,322 - INFO - [7/120] Processing: Lire la suite...
2026-08-11 14:07:10,865 - INFO -   Extracted: date=2026-08-06, region=جهة الجنوب
2026-08-11 14:07:12,681 - INFO - [8/120] Processing: Lire la suite...
2026-08-11 14:07:13,249 - INFO -   Extracted: date=2026-08-05, region=جهة تونس الكبرى
2026-08-11 14:07:16,114 - INFO - [9/120] Processing: Lire la suite...
2026-08-11 14:07:16,933 - INFO -   Extracted: date=2026-08-05, region=جهة الشمال
2026-08-11 14:07:18,936 - INFO - [10/120] Processing: Lire la suite...
2026-08-11 14:07:19,617 - INFO -   Extracted: date=2026-08-05, region=جهة الشمال
2026-08-11 14:07:22,174 - INFO - [11/120] Processing: Lire la suite...
2026-08-11 14:07:22,839 - INFO -   Extracted: date=2026-08-05, region=جهة الوسط
2026-08-11 14:07:24,979 - INFO - [12/120] Processing: Lire la suite...
2026-08-11 14:07:28,933 - INFO -   Extracted: date=2026-08-05, region=جهة صفاقس
2026-08-11 14:07:31,865 - INFO - [13/120] Processing: Lire la suite...
2026-08-11 14:07:32,398 - INFO -   Extracted: date=2026-08-05, region=جهة الجنوب
2026-08-11 14:07:34,429 - INFO - [14/120] Processing: Lire la suite...
2026-08-11 14:07:37,115 - INFO -   Extracted: date=2026-08-05, region=جهة الجنوب
2026-08-11 14:07:38,715 - INFO - [15/120] Processing: Lire la suite...
2026-08-11 14:07:39,562 - INFO -   Extracted: date=2026-08-04, region=جهة تونس الكبرى
2026-08-11 14:07:42,283 - INFO - [16/120] Processing: Lire la suite...
2026-08-11 14:07:42,961 - INFO -   Extracted: date=2026-08-04, region=جهة تونس الكبرى
2026-08-11 14:07:45,927 - INFO - [17/120] Processing: Lire la suite...
2026-08-11 14:07:48,332 - INFO -   Extracted: date=2026-08-04, region=جهة الشمال
2026-08-11 14:07:50,521 - INFO - [18/120] Processing: Lire la suite...
2026-08-11 14:07:51,067 - INFO -   Extracted: date=2026-08-04, region=جهة الشمال
2026-08-11 14:07:53,303 - INFO - [19/120] Processing: Lire la suite...
2026-08-11 14:07:54,364 - INFO -   Extracted: date=2026-08-04, region=جهة الوسط
2026-08-11 14:07:56,971 - INFO - [20/120] Processing: Lire la suite...
2026-08-11 14:07:57,576 - INFO -   Extracted: date=2026-08-04, region=جهة صفاقس
2026-08-11 14:07:59,876 - INFO - [21/120] Processing: Lire la suite...
2026-08-11 14:08:01,245 - INFO -   Extracted: date=2026-08-04, region=جهة الجنوب
2026-08-11 14:08:03,185 - INFO - [22/120] Processing: Lire la suite...
2026-08-11 14:08:05,318 - INFO -   Extracted: date=2026-08-04, region=جهة الجنوب
2026-08-11 14:08:07,616 - INFO - [23/120] Processing: Lire la suite...
2026-08-11 14:08:08,192 - INFO -   Extracted: date=2026-08-03, region=جهة تونس الكبرى
2026-08-11 14:08:10,705 - INFO - [24/120] Processing: Lire la suite...
2026-08-11 14:08:12,713 - INFO -   Extracted: date=2026-08-03, region=جهة الشمال
2026-08-11 14:08:15,023 - INFO - [25/120] Processing: Lire la suite...
2026-08-11 14:08:16,078 - INFO -   Extracted: date=2026-08-03, region=جهة الشمال
2026-08-11 14:08:18,492 - INFO - [26/120] Processing: Lire la suite...
2026-08-11 14:08:20,480 - INFO -   Extracted: date=2026-08-03, region=جهة الوسط
2026-08-11 14:08:22,940 - INFO - [27/120] Processing: Lire la suite...
2026-08-11 14:08:25,112 - INFO -   Extracted: date=2026-08-03, region=جهة صفاقس
2026-08-11 14:08:27,948 - INFO - [28/120] Processing: Lire la suite...
2026-08-11 14:08:31,287 - INFO -   Extracted: date=2026-08-03, region=جهة الجنوب
2026-08-11 14:08:33,250 - INFO - [29/120] Processing: Lire la suite...
2026-08-11 14:08:36,658 - INFO -   Extracted: date=2026-08-03, region=جهة الجنوب
2026-08-11 14:08:38,663 - INFO - [30/120] Processing: Lire la suite...
2026-08-11 14:08:40,750 - INFO -   Extracted: date=2026-07-27, region=جهة تونس الكبرى
2026-08-11 14:08:43,123 - INFO - [31/120] Processing: Lire la suite...
2026-08-11 14:08:44,196 - INFO -   Extracted: date=2026-07-27, region=جهة الشمال
2026-08-11 14:08:47,026 - INFO - [32/120] Processing: Lire la suite...
2026-08-11 14:08:50,343 - INFO -   Extracted: date=2026-07-27, region=جهة الشمال
2026-08-11 14:08:51,890 - INFO - [33/120] Processing: Lire la suite...
2026-08-11 14:08:53,265 - INFO -   Extracted: date=2026-07-27, region=جهة الوسط
2026-08-11 14:08:56,241 - INFO - [34/120] Processing: Lire la suite...
2026-08-11 14:08:58,012 - INFO -   Extracted: date=2026-07-27, region=جهة صفاقس
2026-08-11 14:08:59,979 - INFO - [35/120] Processing: Lire la suite...
2026-08-11 14:09:01,343 - INFO -   Extracted: date=2026-07-27, region=جهة الجنوب
2026-08-11 14:09:02,928 - INFO - [36/120] Processing: Lire la suite...
2026-08-11 14:09:05,578 - INFO -   Extracted: date=2026-07-27, region=جهة الجنوب
2026-08-11 14:09:07,126 - INFO - [37/120] Processing: Lire la suite...
2026-08-11 14:09:09,447 - INFO -   Extracted: date=2026-07-24, region=جهة تونس الكبرى
2026-08-11 14:09:11,144 - INFO - [38/120] Processing: Lire la suite...
2026-08-11 14:09:11,789 - INFO -   Extracted: date=2026-07-24, region=جهة الشمال
2026-08-11 14:09:13,765 - INFO - [39/120] Processing: Lire la suite...
2026-08-11 14:09:14,746 - INFO -   Extracted: date=2026-07-24, region=جهة الشمال
2026-08-11 14:09:17,257 - INFO - [40/120] Processing: Lire la suite...
2026-08-11 14:09:19,019 - INFO -   Extracted: date=2026-07-24, region=جهة الوسط
2026-08-11 14:09:21,377 - INFO - [41/120] Processing: Lire la suite...
2026-08-11 14:09:21,962 - INFO -   Extracted: date=2026-07-24, region=جهة صفاقس
2026-08-11 14:09:24,634 - INFO - [42/120] Processing: Lire la suite...
2026-08-11 14:09:25,307 - INFO -   Extracted: date=2026-07-24, region=جهة الجنوب
2026-08-11 14:09:27,622 - INFO - [43/120] Processing: Lire la suite...
2026-08-11 14:09:29,954 - INFO -   Extracted: date=2026-07-24, region=جهة الجنوب
2026-08-11 14:09:32,051 - INFO - [44/120] Processing: Lire la suite...
2026-08-11 14:09:33,450 - INFO -   Extracted: date=2026-07-24, region=جهة تونس الكبرى
2026-08-11 14:09:36,126 - INFO - [45/120] Processing: Lire la suite...
2026-08-11 14:09:36,696 - INFO -   Extracted: date=2026-07-24, region=جهة الشمال
2026-08-11 14:09:38,446 - INFO - [46/120] Processing: Lire la suite...
2026-08-11 14:09:39,235 - INFO -   Extracted: date=2026-07-24, region=جهة الشمال
2026-08-11 14:09:41,394 - INFO - [47/120] Processing: Lire la suite...
2026-08-11 14:09:43,126 - INFO -   Extracted: date=2026-07-24, region=جهة الوسط
2026-08-11 14:09:44,628 - INFO - [48/120] Processing: Lire la suite...
2026-08-11 14:09:46,577 - INFO -   Extracted: date=2026-07-24, region=جهة صفاقس
2026-08-11 14:09:48,479 - INFO - [49/120] Processing: Lire la suite...
2026-08-11 14:09:50,408 - INFO -   Extracted: date=2026-07-24, region=جهة الجنوب
2026-08-11 14:09:52,517 - INFO - [50/120] Processing: Lire la suite...
2026-08-11 14:09:53,797 - INFO -   Extracted: date=2026-07-24, region=جهة الجنوب
2026-08-11 14:09:55,304 - INFO - [51/120] Processing: Lire la suite...
2026-08-11 14:09:55,919 - INFO -   Skipped: not an outage announcement
2026-08-11 14:09:55,919 - INFO - [52/120] Processing: Lire la suite...
2026-08-11 14:09:57,176 - INFO -   Extracted: date=2026-07-23, region=جهة تونس الكبرى
2026-08-11 14:09:58,841 - INFO - [53/120] Processing: Lire la suite...
2026-08-11 14:09:59,842 - INFO -   Extracted: date=2026-07-23, region=جهة الشمال
2026-08-11 14:10:02,136 - INFO - [54/120] Processing: Lire la suite...
2026-08-11 14:10:02,794 - INFO -   Extracted: date=2026-07-23, region=جهة الشمال
2026-08-11 14:10:05,575 - INFO - [55/120] Processing: Lire la suite...
2026-08-11 14:10:06,532 - INFO -   Extracted: date=2026-07-23, region=جهة الوسط
2026-08-11 14:10:08,468 - INFO - [56/120] Processing: Lire la suite...
2026-08-11 14:10:09,960 - INFO -   Extracted: date=2026-07-23, region=جهة صفاقس
2026-08-11 14:10:12,770 - INFO - [57/120] Processing: Lire la suite...
2026-08-11 14:10:15,990 - INFO -   Extracted: date=2026-07-23, region=جهة الجنوب
2026-08-11 14:10:18,367 - INFO - [58/120] Processing: Lire la suite...
2026-08-11 14:10:19,721 - INFO -   Extracted: date=2026-07-23, region=جهة الجنوب
2026-08-11 14:10:21,664 - INFO - [59/120] Processing: Lire la suite...
2026-08-11 14:10:23,943 - INFO -   Extracted: date=2026-07-23, region=جهة تونس الكبرى
2026-08-11 14:10:26,904 - INFO - [60/120] Processing: Lire la suite...
2026-08-11 14:10:27,572 - INFO -   Extracted: date=2026-07-23, region=جهة الشمال
2026-08-11 14:10:29,514 - INFO - [61/120] Processing: Lire la suite...
2026-08-11 14:10:32,222 - INFO -   Extracted: date=2026-07-23, region=جهة الشمال
2026-08-11 14:10:33,744 - INFO - [62/120] Processing: Lire la suite...
2026-08-11 14:10:35,458 - INFO -   Extracted: date=2026-07-23, region=جهة الوسط
2026-08-11 14:10:37,364 - INFO - [63/120] Processing: Lire la suite...
2026-08-11 14:10:38,745 - INFO -   Extracted: date=2026-07-23, region=جهة صفاقس
2026-08-11 14:10:41,248 - INFO - [64/120] Processing: Lire la suite...
2026-08-11 14:10:44,306 - INFO -   Extracted: date=2026-07-23, region=جهة الجنوب
2026-08-11 14:10:45,856 - INFO - [65/120] Processing: Lire la suite...
2026-08-11 14:10:46,547 - INFO -   Extracted: date=2026-07-23, region=جهة الجنوب
2026-08-11 14:10:48,956 - INFO - [66/120] Processing: Lire la suite...
2026-08-11 14:10:49,776 - INFO -   Extracted: date=2026-07-22, region=جهة تونس الكبرى
2026-08-11 14:10:51,851 - INFO - [67/120] Processing: Lire la suite...
2026-08-11 14:10:52,439 - INFO -   Extracted: date=2026-07-22, region=جهة الشمال
2026-08-11 14:10:53,986 - INFO - [68/120] Processing: Lire la suite...
2026-08-11 14:10:54,694 - INFO -   Extracted: date=2026-07-22, region=جهة الشمال
2026-08-11 14:10:56,878 - INFO - [69/120] Processing: Lire la suite...
2026-08-11 14:11:00,421 - INFO -   Extracted: date=2026-07-22, region=جهة الوسط
2026-08-11 14:11:02,986 - INFO - [70/120] Processing: Lire la suite...
2026-08-11 14:11:05,646 - INFO -   Extracted: date=2026-07-22, region=جهة صفاقس
2026-08-11 14:11:08,573 - INFO - [71/120] Processing: Lire la suite...
2026-08-11 14:11:09,265 - INFO -   Extracted: date=2026-07-22, region=جهة الجنوب
2026-08-11 14:11:11,742 - INFO - [72/120] Processing: Lire la suite...
2026-08-11 14:11:13,178 - INFO -   Extracted: date=2026-07-22, region=جهة الجنوب
2026-08-11 14:11:14,892 - INFO - [73/120] Processing: Lire la suite...
2026-08-11 14:11:16,729 - INFO -   Extracted: date=2026-07-22, region=جهة تونس الكبرى
2026-08-11 14:11:18,397 - INFO - [74/120] Processing: Lire la suite...
2026-08-11 14:11:18,966 - INFO -   Extracted: date=2026-07-22, region=جهة الشمال
2026-08-11 14:11:20,749 - INFO - [75/120] Processing: Lire la suite...
2026-08-11 14:11:23,053 - INFO -   Extracted: date=2026-07-22, region=جهة الشمال
2026-08-11 14:11:25,201 - INFO - [76/120] Processing: Lire la suite...
2026-08-11 14:11:27,038 - INFO -   Extracted: date=2026-07-22, region=جهة الوسط
2026-08-11 14:11:29,295 - INFO - [77/120] Processing: Lire la suite...
2026-08-11 14:11:30,299 - INFO -   Extracted: date=2026-07-22, region=جهة صفاقس
2026-08-11 14:11:32,417 - INFO - [78/120] Processing: Lire la suite...
2026-08-11 14:11:33,038 - INFO -   Extracted: date=2026-07-22, region=جهة الجنوب
2026-08-11 14:11:35,477 - INFO - [79/120] Processing: Lire la suite...
2026-08-11 14:11:39,716 - INFO -   Extracted: date=2026-07-22, region=جهة الجنوب
2026-08-11 14:11:41,873 - INFO - [80/120] Processing: Lire la suite...
2026-08-11 14:11:43,630 - WARNING - Retry 1/3 after 2s: ('Connection aborted.', RemoteDisconnected('Remote end closed connection without response'))
2026-08-11 14:11:47,086 - INFO -   Extracted: date=2026-07-21, region=جهة تونس الكبرى
2026-08-11 14:11:49,083 - INFO - [81/120] Processing: Lire la suite...
2026-08-11 14:11:51,648 - INFO -   Extracted: date=2026-07-21, region=جهة الشمال
2026-08-11 14:11:53,283 - INFO - [82/120] Processing: Lire la suite...
2026-08-11 14:11:54,687 - INFO -   Extracted: date=2026-07-21, region=جهة الشمال
2026-08-11 14:11:56,319 - INFO - [83/120] Processing: Lire la suite...
2026-08-11 14:11:58,002 - INFO -   Extracted: date=2026-07-21, region=جهة الوسط
2026-08-11 14:11:59,710 - INFO - [84/120] Processing: Lire la suite...
2026-08-11 14:12:00,792 - INFO -   Extracted: date=2026-07-21, region=جهة صفاقس
2026-08-11 14:12:03,441 - INFO - [85/120] Processing: Lire la suite...
2026-08-11 14:12:04,641 - INFO -   Extracted: date=2026-07-21, region=جهة الجنوب
2026-08-11 14:12:07,159 - INFO - [86/120] Processing: Lire la suite...
2026-08-11 14:12:09,418 - INFO -   Extracted: date=2026-07-21, region=جهة الجنوب
2026-08-11 14:12:11,094 - INFO - [87/120] Processing: Lire la suite...
2026-08-11 14:12:11,597 - INFO -   Extracted: date=2026-07-21, region=جهة الجنوب
2026-08-11 14:12:13,128 - INFO - [88/120] Processing: Lire la suite...
2026-08-11 14:12:14,977 - INFO -   Extracted: date=2026-07-21, region=جهة تونس الكبرى
2026-08-11 14:12:17,187 - INFO - [89/120] Processing: Lire la suite...
2026-08-11 14:12:17,956 - INFO -   Extracted: date=2026-07-21, region=جهة الشمال
2026-08-11 14:12:20,793 - INFO - [90/120] Processing: Lire la suite...
2026-08-11 14:12:23,047 - INFO -   Extracted: date=2026-07-21, region=جهة الشمال
2026-08-11 14:12:24,589 - INFO - [91/120] Processing: Lire la suite...
2026-08-11 14:12:27,060 - INFO -   Extracted: date=2026-07-21, region=جهة الوسط
2026-08-11 14:12:29,850 - INFO - [92/120] Processing: Lire la suite...
2026-08-11 14:12:31,163 - INFO -   Extracted: date=2026-07-21, region=جهة صفاقس
2026-08-11 14:12:33,982 - INFO - [93/120] Processing: Lire la suite...
2026-08-11 14:12:36,612 - INFO -   Extracted: date=2026-07-21, region=جهة الجنوب
2026-08-11 14:12:38,535 - INFO - [94/120] Processing: Lire la suite...
2026-08-11 14:12:40,160 - INFO -   Extracted: date=2026-07-20, region=جهة تونس الكبرى
2026-08-11 14:12:41,943 - INFO - [95/120] Processing: Lire la suite...
2026-08-11 14:12:43,809 - INFO -   Extracted: date=2026-07-20, region=جهة الشمال
2026-08-11 14:12:45,583 - INFO - [96/120] Processing: Lire la suite...
2026-08-11 14:12:47,265 - INFO -   Extracted: date=2026-07-20, region=جهة صفاقس
2026-08-11 14:12:49,770 - INFO - [97/120] Processing: Lire la suite...
2026-08-11 14:12:51,035 - INFO -   Extracted: date=2026-07-20, region=جهة الشمال
2026-08-11 14:12:52,552 - INFO - [98/120] Processing: Lire la suite...
2026-08-11 14:12:54,562 - INFO -   Extracted: date=2026-07-20, region=جهة الوسط
2026-08-11 14:12:56,868 - INFO - [99/120] Processing: Lire la suite...
2026-08-11 14:12:59,876 - INFO -   Extracted: date=2026-07-20, region=جهة الجنوب
2026-08-11 14:13:02,786 - INFO - [100/120] Processing: Lire la suite...
2026-08-11 14:13:06,001 - INFO -   Extracted: date=2026-07-20, region=جهة الجنوب
2026-08-11 14:13:07,735 - INFO - [101/120] Processing: Lire la suite...
2026-08-11 14:13:09,172 - INFO -   Extracted: date=2026-07-20, region=جهة تونس الكبرى
2026-08-11 14:13:10,972 - INFO - [102/120] Processing: Lire la suite...
2026-08-11 14:13:11,508 - INFO -   Extracted: date=2026-07-20, region=جهة الشمال
2026-08-11 14:13:14,357 - INFO - [103/120] Processing: Lire la suite...
2026-08-11 14:13:15,410 - INFO -   Extracted: date=2026-07-20, region=جهة الشمال
2026-08-11 14:13:17,138 - INFO - [104/120] Processing: Lire la suite...
2026-08-11 14:13:19,592 - INFO -   Extracted: date=2026-07-20, region=جهة الوسط
2026-08-11 14:13:21,578 - INFO - [105/120] Processing: Lire la suite...
2026-08-11 14:13:22,380 - INFO -   Extracted: date=2026-07-20, region=جهة صفاقس
2026-08-11 14:13:25,310 - INFO - [106/120] Processing: Lire la suite...
2026-08-11 14:13:26,487 - INFO -   Extracted: date=2026-07-20, region=جهة الجنوب
2026-08-11 14:13:29,165 - INFO - [107/120] Processing: Lire la suite...
2026-08-11 14:13:29,887 - INFO -   Extracted: date=2026-07-20, region=جهة الجنوب
2026-08-11 14:13:32,008 - INFO - [108/120] Processing: Lire la suite...
2026-08-11 14:13:32,604 - INFO -   Extracted: date=2026-07-18, region=جهة الجنوب
2026-08-11 14:13:35,048 - INFO - [109/120] Processing: Lire la suite...
2026-08-11 14:13:38,345 - INFO -   Extracted: date=2026-07-18, region=جهة الجنوب
2026-08-11 14:13:40,831 - INFO - [110/120] Processing: Lire la suite...
2026-08-11 14:13:41,702 - INFO -   Extracted: date=2026-07-18, region=جهة صفاقس
2026-08-11 14:13:44,367 - INFO - [111/120] Processing: Lire la suite...
2026-08-11 14:13:45,891 - INFO -   Extracted: date=2026-07-18, region=جهة الوسط
2026-08-11 14:13:48,441 - INFO - [112/120] Processing: Lire la suite...
2026-08-11 14:13:51,485 - INFO -   Extracted: date=2026-07-18, region=جهة الشمال
2026-08-11 14:13:53,897 - INFO - [113/120] Processing: Lire la suite...
2026-08-11 14:13:55,471 - INFO -   Extracted: date=2026-07-18, region=جهة الشمال
2026-08-11 14:13:57,437 - INFO - [114/120] Processing: Lire la suite...
2026-08-11 14:13:58,781 - INFO -   Extracted: date=2026-07-18, region=جهة تونس الكبرى
2026-08-11 14:14:00,399 - INFO - [115/120] Processing: Lire la suite...
2026-08-11 14:14:03,809 - INFO -   Skipped: not an outage announcement
2026-08-11 14:14:03,809 - INFO - [116/120] Processing: Lire la suite...
2026-08-11 14:14:05,474 - INFO -   Skipped: not an outage announcement
2026-08-11 14:14:05,475 - INFO - [117/120] Processing: Lire la suite...
2026-08-11 14:14:07,102 - INFO -   Skipped: not an outage announcement
2026-08-11 14:14:07,102 - INFO - [118/120] Processing: Lire la suite...
2026-08-11 14:14:10,874 - INFO -   Skipped: not an outage announcement
2026-08-11 14:14:10,874 - INFO - [119/120] Processing: Lire la suite...
2026-08-11 14:14:12,634 - INFO -   Skipped: not an outage announcement
2026-08-11 14:14:12,634 - INFO - [120/120] Processing: Lire la suite...
2026-08-11 14:14:13,771 - INFO -   Skipped: not an outage announcement
2026-08-11 14:14:13,771 - INFO - Extracted 113 records
2026-08-11 14:14:13,774 - INFO - Removed 38 duplicate(s)
2026-08-11 14:14:13,774 - INFO - Exporting results...
2026-08-11 14:14:13,776 - INFO - Saved JSON: /home/ahmed-bensalah/hackathon_olive/steg-outage-data/data/raw/steg_outages_raw.json
2026-08-11 14:14:13,780 - INFO - Saved CSV: /home/ahmed-bensalah/hackathon_olive/steg-outage-data/data/processed/steg_outages.csv
2026-08-11 14:14:13,819 - INFO - Saved Excel: /home/ahmed-bensalah/hackathon_olive/steg-outage-data/data/processed/steg_outages.xlsx
2026-08-11 14:19:07,145 - INFO - ============================================================
2026-08-11 14:19:07,145 - INFO - STEG OFFICIAL ELECTRICITY OUTAGE DATA SCRAPER
2026-08-11 14:19:07,145 - INFO - ============================================================
2026-08-11 14:19:07,145 - INFO - Starting article discovery...
2026-08-11 14:19:10,213 - INFO - Detected max_page = 13
2026-08-11 14:19:10,213 - INFO - Scanning page 0...
2026-08-11 14:19:11,356 - INFO - Page 0: found 10 articles
2026-08-11 14:19:12,658 - INFO - Scanning page 1...
2026-08-11 14:19:15,733 - INFO - Page 1: found 10 articles
2026-08-11 14:19:16,754 - INFO - Scanning page 2...
2026-08-11 14:19:23,775 - INFO - Page 2: found 10 articles
2026-08-11 14:19:25,237 - INFO - Scanning page 3...
2026-08-11 14:19:26,767 - INFO - Page 3: found 10 articles
2026-08-11 14:19:28,092 - INFO - Scanning page 4...
2026-08-11 14:19:30,705 - INFO - Page 4: found 10 articles
2026-08-11 14:19:31,932 - INFO - Scanning page 5...
2026-08-11 14:19:32,984 - INFO - Page 5: found 10 articles
2026-08-11 14:19:34,419 - INFO - Scanning page 6...
2026-08-11 14:19:37,769 - INFO - Page 6: found 10 articles
2026-08-11 14:19:39,545 - INFO - Scanning page 7...
2026-08-11 14:19:40,452 - INFO - Page 7: found 10 articles
2026-08-11 14:19:41,521 - INFO - Scanning page 8...
2026-08-11 14:19:43,467 - INFO - Page 8: found 10 articles
2026-08-11 14:19:44,862 - INFO - Scanning page 9...
2026-08-11 14:19:45,344 - INFO - Page 9: found 10 articles
2026-08-11 14:19:47,232 - INFO - Scanning page 10...
2026-08-11 14:19:48,859 - INFO - Page 10: found 10 articles
2026-08-11 14:19:50,509 - INFO - Scanning page 11...
2026-08-11 14:19:53,113 - INFO - Page 11: found 10 articles
2026-08-11 14:19:54,362 - INFO - Scanning page 12...
2026-08-11 14:19:57,690 - INFO - Page 12: all articles older than 2026-07-01, stopping
2026-08-11 14:19:57,690 - INFO - Discovered 120 article links
2026-08-11 14:19:57,690 - INFO - [1/120] Processing: Lire la suite...
2026-08-11 14:20:03,274 - INFO -   Extracted: date=2026-08-06, region=جهة تونس الكبرى
2026-08-11 14:20:05,815 - INFO - [2/120] Processing: Lire la suite...
2026-08-11 14:20:07,947 - INFO -   Extracted: date=2026-08-06, region=جهة الشمال
2026-08-11 14:20:10,424 - INFO - [3/120] Processing: Lire la suite...
2026-08-11 14:20:12,396 - INFO -   Extracted: date=2026-08-06, region=جهة الشمال
2026-08-11 14:20:15,360 - INFO - [4/120] Processing: Lire la suite...
2026-08-11 14:20:16,556 - INFO -   Extracted: date=2026-08-06, region=جهة الوسط
2026-08-11 14:20:18,842 - INFO - [5/120] Processing: Lire la suite...
2026-08-11 14:20:19,482 - INFO -   Extracted: date=2026-08-06, region=جهة صفاقس
2026-08-11 14:20:22,006 - INFO - [6/120] Processing: Lire la suite...
2026-08-11 14:20:25,058 - INFO -   Extracted: date=2026-08-06, region=جهة الجنوب
2026-08-11 14:20:27,281 - INFO - [7/120] Processing: Lire la suite...
2026-08-11 14:20:28,002 - INFO -   Extracted: date=2026-08-06, region=جهة الجنوب
2026-08-11 14:20:30,364 - INFO - [8/120] Processing: Lire la suite...
2026-08-11 14:20:31,920 - INFO -   Extracted: date=2026-08-05, region=جهة تونس الكبرى
2026-08-11 14:20:33,444 - INFO - [9/120] Processing: Lire la suite...
2026-08-11 14:20:34,772 - INFO -   Extracted: date=2026-08-05, region=جهة الشمال
2026-08-11 14:20:37,258 - INFO - [10/120] Processing: Lire la suite...
2026-08-11 14:20:37,841 - INFO -   Extracted: date=2026-08-05, region=جهة الشمال
2026-08-11 14:20:40,583 - INFO - [11/120] Processing: Lire la suite...
2026-08-11 14:20:43,025 - INFO -   Extracted: date=2026-08-05, region=جهة الوسط
2026-08-11 14:20:44,959 - INFO - [12/120] Processing: Lire la suite...
2026-08-11 14:20:47,261 - INFO -   Extracted: date=2026-08-05, region=جهة صفاقس
2026-08-11 14:20:49,199 - INFO - [13/120] Processing: Lire la suite...
2026-08-11 14:20:51,877 - INFO -   Extracted: date=2026-08-05, region=جهة الجنوب
2026-08-11 14:20:54,454 - INFO - [14/120] Processing: Lire la suite...
2026-08-11 14:20:56,365 - INFO -   Extracted: date=2026-08-05, region=جهة الجنوب
2026-08-11 14:20:58,733 - INFO - [15/120] Processing: Lire la suite...
2026-08-11 14:21:01,500 - INFO -   Extracted: date=2026-08-04, region=جهة تونس الكبرى
2026-08-11 14:21:03,688 - INFO - [16/120] Processing: Lire la suite...
2026-08-11 14:21:05,313 - INFO -   Extracted: date=2026-08-04, region=جهة تونس الكبرى
2026-08-11 14:21:07,855 - INFO - [17/120] Processing: Lire la suite...
2026-08-11 14:21:10,268 - INFO -   Extracted: date=2026-08-04, region=جهة الشمال
2026-08-11 14:21:13,197 - INFO - [18/120] Processing: Lire la suite...
2026-08-11 14:21:13,827 - INFO -   Extracted: date=2026-08-04, region=جهة الشمال
2026-08-11 14:21:16,493 - INFO - [19/120] Processing: Lire la suite...
2026-08-11 14:21:18,256 - INFO -   Extracted: date=2026-08-04, region=جهة الوسط
2026-08-11 14:21:20,081 - INFO - [20/120] Processing: Lire la suite...
2026-08-11 14:21:21,701 - INFO -   Extracted: date=2026-08-04, region=جهة صفاقس
